Release 14.7 Map P.20131013 (nt)
Xilinx Map Application Log File for Design 'hdmi_verify'

Design Information
------------------
Command Line   : map -intstyle ise -p xc6slx45-fgg484-2 -w -logic_opt off -ol
high -t 1 -xt 0 -register_duplication off -r 4 -global_opt off -mt off -ir off
-pr off -lc off -power off -o hdmi_verify_map.ncd hdmi_verify.ngd
hdmi_verify.pcf 
Target Device  : xc6slx45
Target Package : fgg484
Target Speed   : -2
Mapper Version : spartan6 -- $Revision: 1.55 $
Mapped Date    : Sat May 13 22:11:11 2017

Mapping design into LUTs...
Running directed packing...
Running delay-based LUT packing...
Updating timing models...
INFO:Map:215 - The Interim Design Summary has been generated in the MAP Report
   (.mrp).
Running timing-driven placement...
Total REAL time at the beginning of Placer: 12 secs 
Total CPU  time at the beginning of Placer: 12 secs 

Phase 1.1  Initial Placement Analysis
Phase 1.1  Initial Placement Analysis (Checksum:b06ea271) REAL time: 14 secs 

Phase 2.7  Design Feasibility Check
Phase 2.7  Design Feasibility Check (Checksum:b06ea271) REAL time: 14 secs 

Phase 3.31  Local Placement Optimization
Phase 3.31  Local Placement Optimization (Checksum:b06ea271) REAL time: 14 secs 

Phase 4.2  Initial Placement for Architecture Specific Features

Phase 4.2  Initial Placement for Architecture Specific Features
(Checksum:8222353a) REAL time: 28 secs 

Phase 5.36  Local Placement Optimization
Phase 5.36  Local Placement Optimization (Checksum:8222353a) REAL time: 28 secs 

Phase 6.30  Global Clock Region Assignment
Phase 6.30  Global Clock Region Assignment (Checksum:8222353a) REAL time: 28 secs 

Phase 7.3  Local Placement Optimization
Phase 7.3  Local Placement Optimization (Checksum:8222353a) REAL time: 28 secs 

Phase 8.5  Local Placement Optimization
Phase 8.5  Local Placement Optimization (Checksum:8222353a) REAL time: 28 secs 

Phase 9.8  Global Placement
...........................................................................
..............................................................................................................................................................
...........................................................................................................................................................................................
...................................................................................................................
Phase 9.8  Global Placement (Checksum:d4d02b3c) REAL time: 57 secs 

Phase 10.5  Local Placement Optimization
Phase 10.5  Local Placement Optimization (Checksum:d4d02b3c) REAL time: 57 secs 

Phase 11.18  Placement Optimization
Phase 11.18  Placement Optimization (Checksum:6112d8da) REAL time: 1 mins 12 secs 

Phase 12.5  Local Placement Optimization
Phase 12.5  Local Placement Optimization (Checksum:6112d8da) REAL time: 1 mins 12 secs 

Phase 13.34  Placement Validation
Phase 13.34  Placement Validation (Checksum:d2f0d8be) REAL time: 1 mins 12 secs 

Total REAL time to Placer completion: 1 mins 17 secs 
Total CPU  time to Placer completion: 1 mins 16 secs 
Running post-placement packing...
Writing output files...
WARNING:PhysDesignRules:367 - The signal
   <hdmi_in_reader/hdmi_in/hdmi_in_fifo/U0/xst_fifo_generator/gconvfifo.rf/grf.r
   f/gntv_or_sync_fifo.mem/gdm.dm/Mram_RAM283_RAMD_O> is incomplete. The signal
   does not drive any load pins in the design.
WARNING:PhysDesignRules:367 - The signal
   <hdmi_in_reader/hdmi_in/hdmi_in_fifo/U0/xst_fifo_generator/gconvfifo.rf/grf.r
   f/gntv_or_sync_fifo.mem/gdm.dm/Mram_RAM281_RAMD_O> is incomplete. The signal
   does not drive any load pins in the design.
WARNING:PhysDesignRules:367 - The signal
   <hdmi_in_reader/hdmi_in/hdmi_in_fifo/U0/xst_fifo_generator/gconvfifo.rf/grf.r
   f/gntv_or_sync_fifo.mem/gdm.dm/Mram_RAM234_RAMD_O> is incomplete. The signal
   does not drive any load pins in the design.
WARNING:PhysDesignRules:367 - The signal
   <hdmi_in_reader/hdmi_in/hdmi_in_fifo/U0/xst_fifo_generator/gconvfifo.rf/grf.r
   f/gntv_or_sync_fifo.mem/gdm.dm/Mram_RAM227_RAMD_O> is incomplete. The signal
   does not drive any load pins in the design.
WARNING:PhysDesignRules:367 - The signal
   <hdmi_in_reader/hdmi_in/hdmi_in_fifo/U0/xst_fifo_generator/gconvfifo.rf/grf.r
   f/gntv_or_sync_fifo.mem/gdm.dm/Mram_RAM235_RAMD_O> is incomplete. The signal
   does not drive any load pins in the design.
WARNING:PhysDesignRules:367 - The signal
   <hdmi_in_reader/hdmi_in/hdmi_in_fifo/U0/xst_fifo_generator/gconvfifo.rf/grf.r
   f/gntv_or_sync_fifo.mem/gdm.dm/Mram_RAM233_RAMD_O> is incomplete. The signal
   does not drive any load pins in the design.
WARNING:PhysDesignRules:367 - The signal
   <hdmi_in_reader/hdmi_in/hdmi_in_fifo/U0/xst_fifo_generator/gconvfifo.rf/grf.r
   f/gntv_or_sync_fifo.mem/gdm.dm/Mram_RAM226_RAMD_O> is incomplete. The signal
   does not drive any load pins in the design.
WARNING:PhysDesignRules:367 - The signal
   <hdmi_in_reader/hdmi_in/hdmi_in_fifo/U0/xst_fifo_generator/gconvfifo.rf/grf.r
   f/gntv_or_sync_fifo.mem/gdm.dm/Mram_RAM177_RAMD_O> is incomplete. The signal
   does not drive any load pins in the design.
WARNING:PhysDesignRules:367 - The signal
   <hdmi_in_reader/hdmi_in/hdmi_in_fifo/U0/xst_fifo_generator/gconvfifo.rf/grf.r
   f/gntv_or_sync_fifo.mem/gdm.dm/Mram_RAM188_RAMD_O> is incomplete. The signal
   does not drive any load pins in the design.
WARNING:PhysDesignRules:367 - The signal
   <hdmi_in_reader/hdmi_in/hdmi_in_fifo/U0/xst_fifo_generator/gconvfifo.rf/grf.r
   f/gntv_or_sync_fifo.mem/gdm.dm/Mram_RAM275_RAMD_O> is incomplete. The signal
   does not drive any load pins in the design.
WARNING:PhysDesignRules:367 - The signal
   <hdmi_in_reader/hdmi_in/hdmi_in_fifo/U0/xst_fifo_generator/gconvfifo.rf/grf.r
   f/gntv_or_sync_fifo.mem/gdm.dm/Mram_RAM274_RAMD_O> is incomplete. The signal
   does not drive any load pins in the design.
WARNING:PhysDesignRules:367 - The signal
   <hdmi_in_reader/hdmi_in/hdmi_in_fifo/U0/xst_fifo_generator/gconvfifo.rf/grf.r
   f/gntv_or_sync_fifo.mem/gdm.dm/Mram_RAM276_RAMD_O> is incomplete. The signal
   does not drive any load pins in the design.
WARNING:PhysDesignRules:367 - The signal
   <hdmi_in_reader/hdmi_in/hdmi_in_fifo/U0/xst_fifo_generator/gconvfifo.rf/grf.r
   f/gntv_or_sync_fifo.mem/gdm.dm/Mram_RAM273_RAMD_O> is incomplete. The signal
   does not drive any load pins in the design.
WARNING:PhysDesignRules:367 - The signal
   <hdmi_in_reader/hdmi_in/hdmi_in_fifo/U0/xst_fifo_generator/gconvfifo.rf/grf.r
   f/gntv_or_sync_fifo.mem/gdm.dm/Mram_RAM277_RAMD_O> is incomplete. The signal
   does not drive any load pins in the design.
WARNING:PhysDesignRules:367 - The signal
   <hdmi_in_reader/hdmi_in/hdmi_in_fifo/U0/xst_fifo_generator/gconvfifo.rf/grf.r
   f/gntv_or_sync_fifo.mem/gdm.dm/Mram_RAM280_RAMD_O> is incomplete. The signal
   does not drive any load pins in the design.
WARNING:PhysDesignRules:367 - The signal
   <hdmi_in_reader/hdmi_in/hdmi_in_fifo/U0/xst_fifo_generator/gconvfifo.rf/grf.r
   f/gntv_or_sync_fifo.mem/gdm.dm/Mram_RAM282_RAMD_O> is incomplete. The signal
   does not drive any load pins in the design.
WARNING:PhysDesignRules:367 - The signal
   <hdmi_in_reader/hdmi_in/hdmi_in_fifo/U0/xst_fifo_generator/gconvfifo.rf/grf.r
   f/gntv_or_sync_fifo.mem/gdm.dm/Mram_RAM284_RAMD_O> is incomplete. The signal
   does not drive any load pins in the design.
WARNING:PhysDesignRules:367 - The signal
   <hdmi_in_reader/hdmi_in/hdmi_in_fifo/U0/xst_fifo_generator/gconvfifo.rf/grf.r
   f/gntv_or_sync_fifo.mem/gdm.dm/Mram_RAM236_RAMD_O> is incomplete. The signal
   does not drive any load pins in the design.
WARNING:PhysDesignRules:367 - The signal
   <hdmi_in_reader/hdmi_in/hdmi_in_fifo/U0/xst_fifo_generator/gconvfifo.rf/grf.r
   f/gntv_or_sync_fifo.mem/gdm.dm/Mram_RAM232_RAMD_O> is incomplete. The signal
   does not drive any load pins in the design.
WARNING:PhysDesignRules:367 - The signal
   <hdmi_in_reader/hdmi_in/hdmi_in_fifo/U0/xst_fifo_generator/gconvfifo.rf/grf.r
   f/gntv_or_sync_fifo.mem/gdm.dm/Mram_RAM231_RAMD_O> is incomplete. The signal
   does not drive any load pins in the design.
WARNING:PhysDesignRules:367 - The signal
   <hdmi_in_reader/hdmi_in/hdmi_in_fifo/U0/xst_fifo_generator/gconvfifo.rf/grf.r
   f/gntv_or_sync_fifo.mem/gdm.dm/Mram_RAM228_RAMD_O> is incomplete. The signal
   does not drive any load pins in the design.
WARNING:PhysDesignRules:367 - The signal
   <hdmi_in_reader/hdmi_in/hdmi_in_fifo/U0/xst_fifo_generator/gconvfifo.rf/grf.r
   f/gntv_or_sync_fifo.mem/gdm.dm/Mram_RAM225_RAMD_O> is incomplete. The signal
   does not drive any load pins in the design.
WARNING:PhysDesignRules:367 - The signal
   <hdmi_in_reader/hdmi_in/hdmi_in_fifo/U0/xst_fifo_generator/gconvfifo.rf/grf.r
   f/gntv_or_sync_fifo.mem/gdm.dm/Mram_RAM131_RAMD_O> is incomplete. The signal
   does not drive any load pins in the design.
WARNING:PhysDesignRules:367 - The signal
   <hdmi_in_reader/hdmi_in/hdmi_in_fifo/U0/xst_fifo_generator/gconvfifo.rf/grf.r
   f/gntv_or_sync_fifo.mem/gdm.dm/Mram_RAM191_RAMD_O> is incomplete. The signal
   does not drive any load pins in the design.
WARNING:PhysDesignRules:367 - The signal
   <hdmi_in_reader/hdmi_in/hdmi_in_fifo/U0/xst_fifo_generator/gconvfifo.rf/grf.r
   f/gntv_or_sync_fifo.mem/gdm.dm/Mram_RAM179_RAMD_O> is incomplete. The signal
   does not drive any load pins in the design.
WARNING:PhysDesignRules:367 - The signal
   <hdmi_in_reader/hdmi_in/hdmi_in_fifo/U0/xst_fifo_generator/gconvfifo.rf/grf.r
   f/gntv_or_sync_fifo.mem/gdm.dm/Mram_RAM183_RAMD_O> is incomplete. The signal
   does not drive any load pins in the design.
WARNING:PhysDesignRules:367 - The signal
   <hdmi_in_reader/hdmi_in/hdmi_in_fifo/U0/xst_fifo_generator/gconvfifo.rf/grf.r
   f/gntv_or_sync_fifo.mem/gdm.dm/Mram_RAM180_RAMD_O> is incomplete. The signal
   does not drive any load pins in the design.
WARNING:PhysDesignRules:367 - The signal
   <hdmi_in_reader/hdmi_in/hdmi_in_fifo/U0/xst_fifo_generator/gconvfifo.rf/grf.r
   f/gntv_or_sync_fifo.mem/gdm.dm/Mram_RAM182_RAMD_O> is incomplete. The signal
   does not drive any load pins in the design.
WARNING:PhysDesignRules:367 - The signal
   <hdmi_in_reader/hdmi_in/hdmi_in_fifo/U0/xst_fifo_generator/gconvfifo.rf/grf.r
   f/gntv_or_sync_fifo.mem/gdm.dm/Mram_RAM181_RAMD_O> is incomplete. The signal
   does not drive any load pins in the design.
WARNING:PhysDesignRules:367 - The signal
   <hdmi_in_reader/hdmi_in/hdmi_in_fifo/U0/xst_fifo_generator/gconvfifo.rf/grf.r
   f/gntv_or_sync_fifo.mem/gdm.dm/Mram_RAM278_RAMD_O> is incomplete. The signal
   does not drive any load pins in the design.
WARNING:PhysDesignRules:367 - The signal
   <hdmi_in_reader/hdmi_in/hdmi_in_fifo/U0/xst_fifo_generator/gconvfifo.rf/grf.r
   f/gntv_or_sync_fifo.mem/gdm.dm/Mram_RAM279_RAMD_O> is incomplete. The signal
   does not drive any load pins in the design.
WARNING:PhysDesignRules:367 - The signal
   <hdmi_in_reader/hdmi_in/hdmi_in_fifo/U0/xst_fifo_generator/gconvfifo.rf/grf.r
   f/gntv_or_sync_fifo.mem/gdm.dm/Mram_RAM288_RAMD_O> is incomplete. The signal
   does not drive any load pins in the design.
WARNING:PhysDesignRules:367 - The signal
   <hdmi_in_reader/hdmi_in/hdmi_in_fifo/U0/xst_fifo_generator/gconvfifo.rf/grf.r
   f/gntv_or_sync_fifo.mem/gdm.dm/Mram_RAM285_RAMD_O> is incomplete. The signal
   does not drive any load pins in the design.
WARNING:PhysDesignRules:367 - The signal
   <hdmi_in_reader/hdmi_in/hdmi_in_fifo/U0/xst_fifo_generator/gconvfifo.rf/grf.r
   f/gntv_or_sync_fifo.mem/gdm.dm/Mram_RAM286_RAMD_O> is incomplete. The signal
   does not drive any load pins in the design.
WARNING:PhysDesignRules:367 - The signal
   <hdmi_in_reader/hdmi_in/hdmi_in_fifo/U0/xst_fifo_generator/gconvfifo.rf/grf.r
   f/gntv_or_sync_fifo.mem/gdm.dm/Mram_RAM297_RAMD_O> is incomplete. The signal
   does not drive any load pins in the design.
WARNING:PhysDesignRules:367 - The signal
   <hdmi_in_reader/hdmi_in/hdmi_in_fifo/U0/xst_fifo_generator/gconvfifo.rf/grf.r
   f/gntv_or_sync_fifo.mem/gdm.dm/Mram_RAM289_RAMD_O> is incomplete. The signal
   does not drive any load pins in the design.
WARNING:PhysDesignRules:367 - The signal
   <hdmi_in_reader/hdmi_in/hdmi_in_fifo/U0/xst_fifo_generator/gconvfifo.rf/grf.r
   f/gntv_or_sync_fifo.mem/gdm.dm/Mram_RAM237_RAMD_O> is incomplete. The signal
   does not drive any load pins in the design.
WARNING:PhysDesignRules:367 - The signal
   <hdmi_in_reader/hdmi_in/hdmi_in_fifo/U0/xst_fifo_generator/gconvfifo.rf/grf.r
   f/gntv_or_sync_fifo.mem/gdm.dm/Mram_RAM238_RAMD_O> is incomplete. The signal
   does not drive any load pins in the design.
WARNING:PhysDesignRules:367 - The signal
   <hdmi_in_reader/hdmi_in/hdmi_in_fifo/U0/xst_fifo_generator/gconvfifo.rf/grf.r
   f/gntv_or_sync_fifo.mem/gdm.dm/Mram_RAM230_RAMD_O> is incomplete. The signal
   does not drive any load pins in the design.
WARNING:PhysDesignRules:367 - The signal
   <hdmi_in_reader/hdmi_in/hdmi_in_fifo/U0/xst_fifo_generator/gconvfifo.rf/grf.r
   f/gntv_or_sync_fifo.mem/gdm.dm/Mram_RAM239_RAMD_O> is incomplete. The signal
   does not drive any load pins in the design.
WARNING:PhysDesignRules:367 - The signal
   <hdmi_in_reader/hdmi_in/hdmi_in_fifo/U0/xst_fifo_generator/gconvfifo.rf/grf.r
   f/gntv_or_sync_fifo.mem/gdm.dm/Mram_RAM130_RAMD_O> is incomplete. The signal
   does not drive any load pins in the design.
WARNING:PhysDesignRules:367 - The signal
   <hdmi_in_reader/hdmi_in/hdmi_in_fifo/U0/xst_fifo_generator/gconvfifo.rf/grf.r
   f/gntv_or_sync_fifo.mem/gdm.dm/Mram_RAM129_RAMD_O> is incomplete. The signal
   does not drive any load pins in the design.
WARNING:PhysDesignRules:367 - The signal
   <hdmi_in_reader/hdmi_in/hdmi_in_fifo/U0/xst_fifo_generator/gconvfifo.rf/grf.r
   f/gntv_or_sync_fifo.mem/gdm.dm/Mram_RAM192_RAMD_O> is incomplete. The signal
   does not drive any load pins in the design.
WARNING:PhysDesignRules:367 - The signal
   <hdmi_in_reader/hdmi_in/hdmi_in_fifo/U0/xst_fifo_generator/gconvfifo.rf/grf.r
   f/gntv_or_sync_fifo.mem/gdm.dm/Mram_RAM190_RAMD_O> is incomplete. The signal
   does not drive any load pins in the design.
WARNING:PhysDesignRules:367 - The signal
   <hdmi_in_reader/hdmi_in/hdmi_in_fifo/U0/xst_fifo_generator/gconvfifo.rf/grf.r
   f/gntv_or_sync_fifo.mem/gdm.dm/Mram_RAM189_RAMD_O> is incomplete. The signal
   does not drive any load pins in the design.
WARNING:PhysDesignRules:367 - The signal
   <hdmi_in_reader/hdmi_in/hdmi_in_fifo/U0/xst_fifo_generator/gconvfifo.rf/grf.r
   f/gntv_or_sync_fifo.mem/gdm.dm/Mram_RAM185_RAMD_O> is incomplete. The signal
   does not drive any load pins in the design.
WARNING:PhysDesignRules:367 - The signal
   <hdmi_in_reader/hdmi_in/hdmi_in_fifo/U0/xst_fifo_generator/gconvfifo.rf/grf.r
   f/gntv_or_sync_fifo.mem/gdm.dm/Mram_RAM187_RAMD_O> is incomplete. The signal
   does not drive any load pins in the design.
WARNING:PhysDesignRules:367 - The signal
   <hdmi_in_reader/hdmi_in/hdmi_in_fifo/U0/xst_fifo_generator/gconvfifo.rf/grf.r
   f/gntv_or_sync_fifo.mem/gdm.dm/Mram_RAM165_RAMD_O> is incomplete. The signal
   does not drive any load pins in the design.
WARNING:PhysDesignRules:367 - The signal
   <hdmi_in_reader/hdmi_in/hdmi_in_fifo/U0/xst_fifo_generator/gconvfifo.rf/grf.r
   f/gntv_or_sync_fifo.mem/gdm.dm/Mram_RAM164_RAMD_O> is incomplete. The signal
   does not drive any load pins in the design.
WARNING:PhysDesignRules:367 - The signal
   <hdmi_in_reader/hdmi_in/hdmi_in_fifo/U0/xst_fifo_generator/gconvfifo.rf/grf.r
   f/gntv_or_sync_fifo.mem/gdm.dm/Mram_RAM173_RAMD_O> is incomplete. The signal
   does not drive any load pins in the design.
WARNING:PhysDesignRules:367 - The signal
   <hdmi_in_reader/hdmi_in/hdmi_in_fifo/U0/xst_fifo_generator/gconvfifo.rf/grf.r
   f/gntv_or_sync_fifo.mem/gdm.dm/Mram_RAM171_RAMD_O> is incomplete. The signal
   does not drive any load pins in the design.
WARNING:PhysDesignRules:367 - The signal
   <hdmi_in_reader/hdmi_in/hdmi_in_fifo/U0/xst_fifo_generator/gconvfifo.rf/grf.r
   f/gntv_or_sync_fifo.mem/gdm.dm/Mram_RAM163_RAMD_O> is incomplete. The signal
   does not drive any load pins in the design.
WARNING:PhysDesignRules:367 - The signal
   <hdmi_in_reader/hdmi_in/hdmi_in_fifo/U0/xst_fifo_generator/gconvfifo.rf/grf.r
   f/gntv_or_sync_fifo.mem/gdm.dm/Mram_RAM287_RAMD_O> is incomplete. The signal
   does not drive any load pins in the design.
WARNING:PhysDesignRules:367 - The signal
   <hdmi_in_reader/hdmi_in/hdmi_in_fifo/U0/xst_fifo_generator/gconvfifo.rf/grf.r
   f/gntv_or_sync_fifo.mem/gdm.dm/Mram_RAM327_RAMD_O> is incomplete. The signal
   does not drive any load pins in the design.
WARNING:PhysDesignRules:367 - The signal
   <hdmi_in_reader/hdmi_in/hdmi_in_fifo/U0/xst_fifo_generator/gconvfifo.rf/grf.r
   f/gntv_or_sync_fifo.mem/gdm.dm/Mram_RAM302_RAMD_O> is incomplete. The signal
   does not drive any load pins in the design.
WARNING:PhysDesignRules:367 - The signal
   <hdmi_in_reader/hdmi_in/hdmi_in_fifo/U0/xst_fifo_generator/gconvfifo.rf/grf.r
   f/gntv_or_sync_fifo.mem/gdm.dm/Mram_RAM304_RAMD_O> is incomplete. The signal
   does not drive any load pins in the design.
WARNING:PhysDesignRules:367 - The signal
   <hdmi_in_reader/hdmi_in/hdmi_in_fifo/U0/xst_fifo_generator/gconvfifo.rf/grf.r
   f/gntv_or_sync_fifo.mem/gdm.dm/Mram_RAM291_RAMD_O> is incomplete. The signal
   does not drive any load pins in the design.
WARNING:PhysDesignRules:367 - The signal
   <hdmi_in_reader/hdmi_in/hdmi_in_fifo/U0/xst_fifo_generator/gconvfifo.rf/grf.r
   f/gntv_or_sync_fifo.mem/gdm.dm/Mram_RAM292_RAMD_O> is incomplete. The signal
   does not drive any load pins in the design.
WARNING:PhysDesignRules:367 - The signal
   <hdmi_in_reader/hdmi_in/hdmi_in_fifo/U0/xst_fifo_generator/gconvfifo.rf/grf.r
   f/gntv_or_sync_fifo.mem/gdm.dm/Mram_RAM290_RAMD_O> is incomplete. The signal
   does not drive any load pins in the design.
WARNING:PhysDesignRules:367 - The signal
   <hdmi_in_reader/hdmi_in/hdmi_in_fifo/U0/xst_fifo_generator/gconvfifo.rf/grf.r
   f/gntv_or_sync_fifo.mem/gdm.dm/Mram_RAM298_RAMD_O> is incomplete. The signal
   does not drive any load pins in the design.
WARNING:PhysDesignRules:367 - The signal
   <hdmi_in_reader/hdmi_in/hdmi_in_fifo/U0/xst_fifo_generator/gconvfifo.rf/grf.r
   f/gntv_or_sync_fifo.mem/gdm.dm/Mram_RAM249_RAMD_O> is incomplete. The signal
   does not drive any load pins in the design.
WARNING:PhysDesignRules:367 - The signal
   <hdmi_in_reader/hdmi_in/hdmi_in_fifo/U0/xst_fifo_generator/gconvfifo.rf/grf.r
   f/gntv_or_sync_fifo.mem/gdm.dm/Mram_RAM241_RAMD_O> is incomplete. The signal
   does not drive any load pins in the design.
WARNING:PhysDesignRules:367 - The signal
   <hdmi_in_reader/hdmi_in/hdmi_in_fifo/U0/xst_fifo_generator/gconvfifo.rf/grf.r
   f/gntv_or_sync_fifo.mem/gdm.dm/Mram_RAM240_RAMD_O> is incomplete. The signal
   does not drive any load pins in the design.
WARNING:PhysDesignRules:367 - The signal
   <hdmi_in_reader/hdmi_in/hdmi_in_fifo/U0/xst_fifo_generator/gconvfifo.rf/grf.r
   f/gntv_or_sync_fifo.mem/gdm.dm/Mram_RAM229_RAMD_O> is incomplete. The signal
   does not drive any load pins in the design.
WARNING:PhysDesignRules:367 - The signal
   <hdmi_in_reader/hdmi_in/hdmi_in_fifo/U0/xst_fifo_generator/gconvfifo.rf/grf.r
   f/gntv_or_sync_fifo.mem/gdm.dm/Mram_RAM137_RAMD_O> is incomplete. The signal
   does not drive any load pins in the design.
WARNING:PhysDesignRules:367 - The signal
   <hdmi_in_reader/hdmi_in/hdmi_in_fifo/U0/xst_fifo_generator/gconvfifo.rf/grf.r
   f/gntv_or_sync_fifo.mem/gdm.dm/Mram_RAM144_RAMD_O> is incomplete. The signal
   does not drive any load pins in the design.
WARNING:PhysDesignRules:367 - The signal
   <hdmi_in_reader/hdmi_in/hdmi_in_fifo/U0/xst_fifo_generator/gconvfifo.rf/grf.r
   f/gntv_or_sync_fifo.mem/gdm.dm/Mram_RAM136_RAMD_O> is incomplete. The signal
   does not drive any load pins in the design.
WARNING:PhysDesignRules:367 - The signal
   <hdmi_in_reader/hdmi_in/hdmi_in_fifo/U0/xst_fifo_generator/gconvfifo.rf/grf.r
   f/gntv_or_sync_fifo.mem/gdm.dm/Mram_RAM143_RAMD_O> is incomplete. The signal
   does not drive any load pins in the design.
WARNING:PhysDesignRules:367 - The signal
   <hdmi_in_reader/hdmi_in/hdmi_in_fifo/U0/xst_fifo_generator/gconvfifo.rf/grf.r
   f/gntv_or_sync_fifo.mem/gdm.dm/Mram_RAM186_RAMD_O> is incomplete. The signal
   does not drive any load pins in the design.
WARNING:PhysDesignRules:367 - The signal
   <hdmi_in_reader/hdmi_in/hdmi_in_fifo/U0/xst_fifo_generator/gconvfifo.rf/grf.r
   f/gntv_or_sync_fifo.mem/gdm.dm/Mram_RAM184_RAMD_O> is incomplete. The signal
   does not drive any load pins in the design.
WARNING:PhysDesignRules:367 - The signal
   <hdmi_in_reader/hdmi_in/hdmi_in_fifo/U0/xst_fifo_generator/gconvfifo.rf/grf.r
   f/gntv_or_sync_fifo.mem/gdm.dm/Mram_RAM166_RAMD_O> is incomplete. The signal
   does not drive any load pins in the design.
WARNING:PhysDesignRules:367 - The signal
   <hdmi_in_reader/hdmi_in/hdmi_in_fifo/U0/xst_fifo_generator/gconvfifo.rf/grf.r
   f/gntv_or_sync_fifo.mem/gdm.dm/Mram_RAM172_RAMD_O> is incomplete. The signal
   does not drive any load pins in the design.
WARNING:PhysDesignRules:367 - The signal
   <hdmi_in_reader/hdmi_in/hdmi_in_fifo/U0/xst_fifo_generator/gconvfifo.rf/grf.r
   f/gntv_or_sync_fifo.mem/gdm.dm/Mram_RAM175_RAMD_O> is incomplete. The signal
   does not drive any load pins in the design.
WARNING:PhysDesignRules:367 - The signal
   <hdmi_in_reader/hdmi_in/hdmi_in_fifo/U0/xst_fifo_generator/gconvfifo.rf/grf.r
   f/gntv_or_sync_fifo.mem/gdm.dm/Mram_RAM174_RAMD_O> is incomplete. The signal
   does not drive any load pins in the design.
WARNING:PhysDesignRules:367 - The signal
   <hdmi_in_reader/hdmi_in/hdmi_in_fifo/U0/xst_fifo_generator/gconvfifo.rf/grf.r
   f/gntv_or_sync_fifo.mem/gdm.dm/Mram_RAM170_RAMD_O> is incomplete. The signal
   does not drive any load pins in the design.
WARNING:PhysDesignRules:367 - The signal
   <hdmi_in_reader/hdmi_in/hdmi_in_fifo/U0/xst_fifo_generator/gconvfifo.rf/grf.r
   f/gntv_or_sync_fifo.mem/gdm.dm/Mram_RAM169_RAMD_O> is incomplete. The signal
   does not drive any load pins in the design.
WARNING:PhysDesignRules:367 - The signal
   <hdmi_in_reader/hdmi_in/hdmi_in_fifo/U0/xst_fifo_generator/gconvfifo.rf/grf.r
   f/gntv_or_sync_fifo.mem/gdm.dm/Mram_RAM168_RAMD_O> is incomplete. The signal
   does not drive any load pins in the design.
WARNING:PhysDesignRules:367 - The signal
   <hdmi_in_reader/hdmi_in/hdmi_in_fifo/U0/xst_fifo_generator/gconvfifo.rf/grf.r
   f/gntv_or_sync_fifo.mem/gdm.dm/Mram_RAM261_RAMD_O> is incomplete. The signal
   does not drive any load pins in the design.
WARNING:PhysDesignRules:367 - The signal
   <hdmi_in_reader/hdmi_in/hdmi_in_fifo/U0/xst_fifo_generator/gconvfifo.rf/grf.r
   f/gntv_or_sync_fifo.mem/gdm.dm/Mram_RAM259_RAMD_O> is incomplete. The signal
   does not drive any load pins in the design.
WARNING:PhysDesignRules:367 - The signal
   <hdmi_in_reader/hdmi_in/hdmi_in_fifo/U0/xst_fifo_generator/gconvfifo.rf/grf.r
   f/gntv_or_sync_fifo.mem/gdm.dm/Mram_RAM272_RAMD_O> is incomplete. The signal
   does not drive any load pins in the design.
WARNING:PhysDesignRules:367 - The signal
   <hdmi_in_reader/hdmi_in/hdmi_in_fifo/U0/xst_fifo_generator/gconvfifo.rf/grf.r
   f/gntv_or_sync_fifo.mem/gdm.dm/Mram_RAM326_RAMD_O> is incomplete. The signal
   does not drive any load pins in the design.
WARNING:PhysDesignRules:367 - The signal
   <hdmi_in_reader/hdmi_in/hdmi_in_fifo/U0/xst_fifo_generator/gconvfifo.rf/grf.r
   f/gntv_or_sync_fifo.mem/gdm.dm/Mram_RAM328_RAMD_O> is incomplete. The signal
   does not drive any load pins in the design.
WARNING:PhysDesignRules:367 - The signal
   <hdmi_in_reader/hdmi_in/hdmi_in_fifo/U0/xst_fifo_generator/gconvfifo.rf/grf.r
   f/gntv_or_sync_fifo.mem/gdm.dm/Mram_RAM324_RAMD_O> is incomplete. The signal
   does not drive any load pins in the design.
WARNING:PhysDesignRules:367 - The signal
   <hdmi_in_reader/hdmi_in/hdmi_in_fifo/U0/xst_fifo_generator/gconvfifo.rf/grf.r
   f/gntv_or_sync_fifo.mem/gdm.dm/Mram_RAM301_RAMD_O> is incomplete. The signal
   does not drive any load pins in the design.
WARNING:PhysDesignRules:367 - The signal
   <hdmi_in_reader/hdmi_in/hdmi_in_fifo/U0/xst_fifo_generator/gconvfifo.rf/grf.r
   f/gntv_or_sync_fifo.mem/gdm.dm/Mram_RAM303_RAMD_O> is incomplete. The signal
   does not drive any load pins in the design.
WARNING:PhysDesignRules:367 - The signal
   <hdmi_in_reader/hdmi_in/hdmi_in_fifo/U0/xst_fifo_generator/gconvfifo.rf/grf.r
   f/gntv_or_sync_fifo.mem/gdm.dm/Mram_RAM294_RAMD_O> is incomplete. The signal
   does not drive any load pins in the design.
WARNING:PhysDesignRules:367 - The signal
   <hdmi_in_reader/hdmi_in/hdmi_in_fifo/U0/xst_fifo_generator/gconvfifo.rf/grf.r
   f/gntv_or_sync_fifo.mem/gdm.dm/Mram_RAM295_RAMD_O> is incomplete. The signal
   does not drive any load pins in the design.
WARNING:PhysDesignRules:367 - The signal
   <hdmi_in_reader/hdmi_in/hdmi_in_fifo/U0/xst_fifo_generator/gconvfifo.rf/grf.r
   f/gntv_or_sync_fifo.mem/gdm.dm/Mram_RAM300_RAMD_O> is incomplete. The signal
   does not drive any load pins in the design.
WARNING:PhysDesignRules:367 - The signal
   <hdmi_in_reader/hdmi_in/hdmi_in_fifo/U0/xst_fifo_generator/gconvfifo.rf/grf.r
   f/gntv_or_sync_fifo.mem/gdm.dm/Mram_RAM293_RAMD_O> is incomplete. The signal
   does not drive any load pins in the design.
WARNING:PhysDesignRules:367 - The signal
   <hdmi_in_reader/hdmi_in/hdmi_in_fifo/U0/xst_fifo_generator/gconvfifo.rf/grf.r
   f/gntv_or_sync_fifo.mem/gdm.dm/Mram_RAM244_RAMD_O> is incomplete. The signal
   does not drive any load pins in the design.
WARNING:PhysDesignRules:367 - The signal
   <hdmi_in_reader/hdmi_in/hdmi_in_fifo/U0/xst_fifo_generator/gconvfifo.rf/grf.r
   f/gntv_or_sync_fifo.mem/gdm.dm/Mram_RAM242_RAMD_O> is incomplete. The signal
   does not drive any load pins in the design.
WARNING:PhysDesignRules:367 - The signal
   <hdmi_in_reader/hdmi_in/hdmi_in_fifo/U0/xst_fifo_generator/gconvfifo.rf/grf.r
   f/gntv_or_sync_fifo.mem/gdm.dm/Mram_RAM250_RAMD_O> is incomplete. The signal
   does not drive any load pins in the design.
WARNING:PhysDesignRules:367 - The signal
   <hdmi_in_reader/hdmi_in/hdmi_in_fifo/U0/xst_fifo_generator/gconvfifo.rf/grf.r
   f/gntv_or_sync_fifo.mem/gdm.dm/Mram_RAM139_RAMD_O> is incomplete. The signal
   does not drive any load pins in the design.
WARNING:PhysDesignRules:367 - The signal
   <hdmi_in_reader/hdmi_in/hdmi_in_fifo/U0/xst_fifo_generator/gconvfifo.rf/grf.r
   f/gntv_or_sync_fifo.mem/gdm.dm/Mram_RAM138_RAMD_O> is incomplete. The signal
   does not drive any load pins in the design.
WARNING:PhysDesignRules:367 - The signal
   <hdmi_in_reader/hdmi_in/hdmi_in_fifo/U0/xst_fifo_generator/gconvfifo.rf/grf.r
   f/gntv_or_sync_fifo.mem/gdm.dm/Mram_RAM178_RAMD_O> is incomplete. The signal
   does not drive any load pins in the design.
WARNING:PhysDesignRules:367 - The signal
   <hdmi_in_reader/hdmi_in/hdmi_in_fifo/U0/xst_fifo_generator/gconvfifo.rf/grf.r
   f/gntv_or_sync_fifo.mem/gdm.dm/Mram_RAM160_RAMD_O> is incomplete. The signal
   does not drive any load pins in the design.
WARNING:PhysDesignRules:367 - The signal
   <hdmi_in_reader/hdmi_in/hdmi_in_fifo/U0/xst_fifo_generator/gconvfifo.rf/grf.r
   f/gntv_or_sync_fifo.mem/gdm.dm/Mram_RAM162_RAMD_O> is incomplete. The signal
   does not drive any load pins in the design.
WARNING:PhysDesignRules:367 - The signal
   <hdmi_in_reader/hdmi_in/hdmi_in_fifo/U0/xst_fifo_generator/gconvfifo.rf/grf.r
   f/gntv_or_sync_fifo.mem/gdm.dm/Mram_RAM176_RAMD_O> is incomplete. The signal
   does not drive any load pins in the design.
WARNING:PhysDesignRules:367 - The signal
   <hdmi_in_reader/hdmi_in/hdmi_in_fifo/U0/xst_fifo_generator/gconvfifo.rf/grf.r
   f/gntv_or_sync_fifo.mem/gdm.dm/Mram_RAM167_RAMD_O> is incomplete. The signal
   does not drive any load pins in the design.
WARNING:PhysDesignRules:367 - The signal
   <hdmi_in_reader/hdmi_in/hdmi_in_fifo/U0/xst_fifo_generator/gconvfifo.rf/grf.r
   f/gntv_or_sync_fifo.mem/gdm.dm/Mram_RAM269_RAMD_O> is incomplete. The signal
   does not drive any load pins in the design.
WARNING:PhysDesignRules:367 - The signal
   <hdmi_in_reader/hdmi_in/hdmi_in_fifo/U0/xst_fifo_generator/gconvfifo.rf/grf.r
   f/gntv_or_sync_fifo.mem/gdm.dm/Mram_RAM258_RAMD_O> is incomplete. The signal
   does not drive any load pins in the design.
WARNING:PhysDesignRules:367 - The signal
   <hdmi_in_reader/hdmi_in/hdmi_in_fifo/U0/xst_fifo_generator/gconvfifo.rf/grf.r
   f/gntv_or_sync_fifo.mem/gdm.dm/Mram_RAM257_RAMD_O> is incomplete. The signal
   does not drive any load pins in the design.
WARNING:PhysDesignRules:367 - The signal
   <hdmi_in_reader/hdmi_in/hdmi_in_fifo/U0/xst_fifo_generator/gconvfifo.rf/grf.r
   f/gntv_or_sync_fifo.mem/gdm.dm/Mram_RAM268_RAMD_O> is incomplete. The signal
   does not drive any load pins in the design.
WARNING:PhysDesignRules:367 - The signal
   <hdmi_in_reader/hdmi_in/hdmi_in_fifo/U0/xst_fifo_generator/gconvfifo.rf/grf.r
   f/gntv_or_sync_fifo.mem/gdm.dm/Mram_RAM270_RAMD_O> is incomplete. The signal
   does not drive any load pins in the design.
WARNING:PhysDesignRules:367 - The signal
   <hdmi_in_reader/hdmi_in/hdmi_in_fifo/U0/xst_fifo_generator/gconvfifo.rf/grf.r
   f/gntv_or_sync_fifo.mem/gdm.dm/Mram_RAM335_RAMD_O> is incomplete. The signal
   does not drive any load pins in the design.
WARNING:PhysDesignRules:367 - The signal
   <hdmi_in_reader/hdmi_in/hdmi_in_fifo/U0/xst_fifo_generator/gconvfifo.rf/grf.r
   f/gntv_or_sync_fifo.mem/gdm.dm/Mram_RAM334_RAMD_O> is incomplete. The signal
   does not drive any load pins in the design.
WARNING:PhysDesignRules:367 - The signal
   <hdmi_in_reader/hdmi_in/hdmi_in_fifo/U0/xst_fifo_generator/gconvfifo.rf/grf.r
   f/gntv_or_sync_fifo.mem/gdm.dm/Mram_RAM331_RAMD_O> is incomplete. The signal
   does not drive any load pins in the design.
WARNING:PhysDesignRules:367 - The signal
   <hdmi_in_reader/hdmi_in/hdmi_in_fifo/U0/xst_fifo_generator/gconvfifo.rf/grf.r
   f/gntv_or_sync_fifo.mem/gdm.dm/Mram_RAM332_RAMD_O> is incomplete. The signal
   does not drive any load pins in the design.
WARNING:PhysDesignRules:367 - The signal
   <hdmi_in_reader/hdmi_in/hdmi_in_fifo/U0/xst_fifo_generator/gconvfifo.rf/grf.r
   f/gntv_or_sync_fifo.mem/gdm.dm/Mram_RAM329_RAMD_O> is incomplete. The signal
   does not drive any load pins in the design.
WARNING:PhysDesignRules:367 - The signal
   <hdmi_in_reader/hdmi_in/hdmi_in_fifo/U0/xst_fifo_generator/gconvfifo.rf/grf.r
   f/gntv_or_sync_fifo.mem/gdm.dm/Mram_RAM322_RAMD_O> is incomplete. The signal
   does not drive any load pins in the design.
WARNING:PhysDesignRules:367 - The signal
   <hdmi_in_reader/hdmi_in/hdmi_in_fifo/U0/xst_fifo_generator/gconvfifo.rf/grf.r
   f/gntv_or_sync_fifo.mem/gdm.dm/Mram_RAM330_RAMD_O> is incomplete. The signal
   does not drive any load pins in the design.
WARNING:PhysDesignRules:367 - The signal
   <hdmi_in_reader/hdmi_in/hdmi_in_fifo/U0/xst_fifo_generator/gconvfifo.rf/grf.r
   f/gntv_or_sync_fifo.mem/gdm.dm/Mram_RAM325_RAMD_O> is incomplete. The signal
   does not drive any load pins in the design.
WARNING:PhysDesignRules:367 - The signal
   <hdmi_in_reader/hdmi_in/hdmi_in_fifo/U0/xst_fifo_generator/gconvfifo.rf/grf.r
   f/gntv_or_sync_fifo.mem/gdm.dm/Mram_RAM296_RAMD_O> is incomplete. The signal
   does not drive any load pins in the design.
WARNING:PhysDesignRules:367 - The signal
   <hdmi_in_reader/hdmi_in/hdmi_in_fifo/U0/xst_fifo_generator/gconvfifo.rf/grf.r
   f/gntv_or_sync_fifo.mem/gdm.dm/Mram_RAM299_RAMD_O> is incomplete. The signal
   does not drive any load pins in the design.
WARNING:PhysDesignRules:367 - The signal
   <hdmi_in_reader/hdmi_in/hdmi_in_fifo/U0/xst_fifo_generator/gconvfifo.rf/grf.r
   f/gntv_or_sync_fifo.mem/gdm.dm/Mram_RAM253_RAMD_O> is incomplete. The signal
   does not drive any load pins in the design.
WARNING:PhysDesignRules:367 - The signal
   <hdmi_in_reader/hdmi_in/hdmi_in_fifo/U0/xst_fifo_generator/gconvfifo.rf/grf.r
   f/gntv_or_sync_fifo.mem/gdm.dm/Mram_RAM254_RAMD_O> is incomplete. The signal
   does not drive any load pins in the design.
WARNING:PhysDesignRules:367 - The signal
   <hdmi_in_reader/hdmi_in/hdmi_in_fifo/U0/xst_fifo_generator/gconvfifo.rf/grf.r
   f/gntv_or_sync_fifo.mem/gdm.dm/Mram_RAM243_RAMD_O> is incomplete. The signal
   does not drive any load pins in the design.
WARNING:PhysDesignRules:367 - The signal
   <hdmi_in_reader/hdmi_in/hdmi_in_fifo/U0/xst_fifo_generator/gconvfifo.rf/grf.r
   f/gntv_or_sync_fifo.mem/gdm.dm/Mram_RAM248_RAMD_O> is incomplete. The signal
   does not drive any load pins in the design.
WARNING:PhysDesignRules:367 - The signal
   <hdmi_in_reader/hdmi_in/hdmi_in_fifo/U0/xst_fifo_generator/gconvfifo.rf/grf.r
   f/gntv_or_sync_fifo.mem/gdm.dm/Mram_RAM135_RAMD_O> is incomplete. The signal
   does not drive any load pins in the design.
WARNING:PhysDesignRules:367 - The signal
   <hdmi_in_reader/hdmi_in/hdmi_in_fifo/U0/xst_fifo_generator/gconvfifo.rf/grf.r
   f/gntv_or_sync_fifo.mem/gdm.dm/Mram_RAM132_RAMD_O> is incomplete. The signal
   does not drive any load pins in the design.
WARNING:PhysDesignRules:367 - The signal
   <hdmi_in_reader/hdmi_in/hdmi_in_fifo/U0/xst_fifo_generator/gconvfifo.rf/grf.r
   f/gntv_or_sync_fifo.mem/gdm.dm/Mram_RAM134_RAMD_O> is incomplete. The signal
   does not drive any load pins in the design.
WARNING:PhysDesignRules:367 - The signal
   <hdmi_in_reader/hdmi_in/hdmi_in_fifo/U0/xst_fifo_generator/gconvfifo.rf/grf.r
   f/gntv_or_sync_fifo.mem/gdm.dm/Mram_RAM141_RAMD_O> is incomplete. The signal
   does not drive any load pins in the design.
WARNING:PhysDesignRules:367 - The signal
   <hdmi_in_reader/hdmi_in/hdmi_in_fifo/U0/xst_fifo_generator/gconvfifo.rf/grf.r
   f/gntv_or_sync_fifo.mem/gdm.dm/Mram_RAM142_RAMD_O> is incomplete. The signal
   does not drive any load pins in the design.
WARNING:PhysDesignRules:367 - The signal
   <hdmi_in_reader/hdmi_in/hdmi_in_fifo/U0/xst_fifo_generator/gconvfifo.rf/grf.r
   f/gntv_or_sync_fifo.mem/gdm.dm/Mram_RAM148_RAMD_O> is incomplete. The signal
   does not drive any load pins in the design.
WARNING:PhysDesignRules:367 - The signal
   <hdmi_in_reader/hdmi_in/hdmi_in_fifo/U0/xst_fifo_generator/gconvfifo.rf/grf.r
   f/gntv_or_sync_fifo.mem/gdm.dm/Mram_RAM157_RAMD_O> is incomplete. The signal
   does not drive any load pins in the design.
WARNING:PhysDesignRules:367 - The signal
   <hdmi_in_reader/hdmi_in/hdmi_in_fifo/U0/xst_fifo_generator/gconvfifo.rf/grf.r
   f/gntv_or_sync_fifo.mem/gdm.dm/Mram_RAM151_RAMD_O> is incomplete. The signal
   does not drive any load pins in the design.
WARNING:PhysDesignRules:367 - The signal
   <hdmi_in_reader/hdmi_in/hdmi_in_fifo/U0/xst_fifo_generator/gconvfifo.rf/grf.r
   f/gntv_or_sync_fifo.mem/gdm.dm/Mram_RAM145_RAMD_O> is incomplete. The signal
   does not drive any load pins in the design.
WARNING:PhysDesignRules:367 - The signal
   <hdmi_in_reader/hdmi_in/hdmi_in_fifo/U0/xst_fifo_generator/gconvfifo.rf/grf.r
   f/gntv_or_sync_fifo.mem/gdm.dm/Mram_RAM150_RAMD_O> is incomplete. The signal
   does not drive any load pins in the design.
WARNING:PhysDesignRules:367 - The signal
   <hdmi_in_reader/hdmi_in/hdmi_in_fifo/U0/xst_fifo_generator/gconvfifo.rf/grf.r
   f/gntv_or_sync_fifo.mem/gdm.dm/Mram_RAM146_RAMD_O> is incomplete. The signal
   does not drive any load pins in the design.
WARNING:PhysDesignRules:367 - The signal
   <hdmi_in_reader/hdmi_in/hdmi_in_fifo/U0/xst_fifo_generator/gconvfifo.rf/grf.r
   f/gntv_or_sync_fifo.mem/gdm.dm/Mram_RAM161_RAMD_O> is incomplete. The signal
   does not drive any load pins in the design.
WARNING:PhysDesignRules:367 - The signal
   <hdmi_in_reader/hdmi_in/hdmi_in_fifo/U0/xst_fifo_generator/gconvfifo.rf/grf.r
   f/gntv_or_sync_fifo.mem/gdm.dm/Mram_RAM271_RAMD_O> is incomplete. The signal
   does not drive any load pins in the design.
WARNING:PhysDesignRules:367 - The signal
   <hdmi_in_reader/hdmi_in/hdmi_in_fifo/U0/xst_fifo_generator/gconvfifo.rf/grf.r
   f/gntv_or_sync_fifo.mem/gdm.dm/Mram_RAM265_RAMD_O> is incomplete. The signal
   does not drive any load pins in the design.
WARNING:PhysDesignRules:367 - The signal
   <hdmi_in_reader/hdmi_in/hdmi_in_fifo/U0/xst_fifo_generator/gconvfifo.rf/grf.r
   f/gntv_or_sync_fifo.mem/gdm.dm/Mram_RAM260_RAMD_O> is incomplete. The signal
   does not drive any load pins in the design.
WARNING:PhysDesignRules:367 - The signal
   <hdmi_in_reader/hdmi_in/hdmi_in_fifo/U0/xst_fifo_generator/gconvfifo.rf/grf.r
   f/gntv_or_sync_fifo.mem/gdm.dm/Mram_RAM267_RAMD_O> is incomplete. The signal
   does not drive any load pins in the design.
WARNING:PhysDesignRules:367 - The signal
   <hdmi_in_reader/hdmi_in/hdmi_in_fifo/U0/xst_fifo_generator/gconvfifo.rf/grf.r
   f/gntv_or_sync_fifo.mem/gdm.dm/Mram_RAM266_RAMD_O> is incomplete. The signal
   does not drive any load pins in the design.
WARNING:PhysDesignRules:367 - The signal
   <hdmi_in_reader/hdmi_in/hdmi_in_fifo/U0/xst_fifo_generator/gconvfifo.rf/grf.r
   f/gntv_or_sync_fifo.mem/gdm.dm/Mram_RAM336_RAMD_O> is incomplete. The signal
   does not drive any load pins in the design.
WARNING:PhysDesignRules:367 - The signal
   <hdmi_in_reader/hdmi_in/hdmi_in_fifo/U0/xst_fifo_generator/gconvfifo.rf/grf.r
   f/gntv_or_sync_fifo.mem/gdm.dm/Mram_RAM321_RAMD_O> is incomplete. The signal
   does not drive any load pins in the design.
WARNING:PhysDesignRules:367 - The signal
   <hdmi_in_reader/hdmi_in/hdmi_in_fifo/U0/xst_fifo_generator/gconvfifo.rf/grf.r
   f/gntv_or_sync_fifo.mem/gdm.dm/Mram_RAM323_RAMD_O> is incomplete. The signal
   does not drive any load pins in the design.
WARNING:PhysDesignRules:367 - The signal
   <hdmi_in_reader/hdmi_in/hdmi_in_fifo/U0/xst_fifo_generator/gconvfifo.rf/grf.r
   f/gntv_or_sync_fifo.mem/gdm.dm/Mram_RAM333_RAMD_O> is incomplete. The signal
   does not drive any load pins in the design.
WARNING:PhysDesignRules:367 - The signal
   <hdmi_in_reader/hdmi_in/hdmi_in_fifo/U0/xst_fifo_generator/gconvfifo.rf/grf.r
   f/gntv_or_sync_fifo.mem/gdm.dm/Mram_RAM252_RAMD_O> is incomplete. The signal
   does not drive any load pins in the design.
WARNING:PhysDesignRules:367 - The signal
   <hdmi_in_reader/hdmi_in/hdmi_in_fifo/U0/xst_fifo_generator/gconvfifo.rf/grf.r
   f/gntv_or_sync_fifo.mem/gdm.dm/Mram_RAM255_RAMD_O> is incomplete. The signal
   does not drive any load pins in the design.
WARNING:PhysDesignRules:367 - The signal
   <hdmi_in_reader/hdmi_in/hdmi_in_fifo/U0/xst_fifo_generator/gconvfifo.rf/grf.r
   f/gntv_or_sync_fifo.mem/gdm.dm/Mram_RAM256_RAMD_O> is incomplete. The signal
   does not drive any load pins in the design.
WARNING:PhysDesignRules:367 - The signal
   <hdmi_in_reader/hdmi_in/hdmi_in_fifo/U0/xst_fifo_generator/gconvfifo.rf/grf.r
   f/gntv_or_sync_fifo.mem/gdm.dm/Mram_RAM251_RAMD_O> is incomplete. The signal
   does not drive any load pins in the design.
WARNING:PhysDesignRules:367 - The signal
   <hdmi_in_reader/hdmi_in/hdmi_in_fifo/U0/xst_fifo_generator/gconvfifo.rf/grf.r
   f/gntv_or_sync_fifo.mem/gdm.dm/Mram_RAM247_RAMD_O> is incomplete. The signal
   does not drive any load pins in the design.
WARNING:PhysDesignRules:367 - The signal
   <hdmi_in_reader/hdmi_in/hdmi_in_fifo/U0/xst_fifo_generator/gconvfifo.rf/grf.r
   f/gntv_or_sync_fifo.mem/gdm.dm/Mram_RAM133_RAMD_O> is incomplete. The signal
   does not drive any load pins in the design.
WARNING:PhysDesignRules:367 - The signal
   <hdmi_in_reader/hdmi_in/hdmi_in_fifo/U0/xst_fifo_generator/gconvfifo.rf/grf.r
   f/gntv_or_sync_fifo.mem/gdm.dm/Mram_RAM140_RAMD_O> is incomplete. The signal
   does not drive any load pins in the design.
WARNING:PhysDesignRules:367 - The signal
   <hdmi_in_reader/hdmi_in/hdmi_in_fifo/U0/xst_fifo_generator/gconvfifo.rf/grf.r
   f/gntv_or_sync_fifo.mem/gdm.dm/Mram_RAM154_RAMD_O> is incomplete. The signal
   does not drive any load pins in the design.
WARNING:PhysDesignRules:367 - The signal
   <hdmi_in_reader/hdmi_in/hdmi_in_fifo/U0/xst_fifo_generator/gconvfifo.rf/grf.r
   f/gntv_or_sync_fifo.mem/gdm.dm/Mram_RAM152_RAMD_O> is incomplete. The signal
   does not drive any load pins in the design.
WARNING:PhysDesignRules:367 - The signal
   <hdmi_in_reader/hdmi_in/hdmi_in_fifo/U0/xst_fifo_generator/gconvfifo.rf/grf.r
   f/gntv_or_sync_fifo.mem/gdm.dm/Mram_RAM158_RAMD_O> is incomplete. The signal
   does not drive any load pins in the design.
WARNING:PhysDesignRules:367 - The signal
   <hdmi_in_reader/hdmi_in/hdmi_in_fifo/U0/xst_fifo_generator/gconvfifo.rf/grf.r
   f/gntv_or_sync_fifo.mem/gdm.dm/Mram_RAM159_RAMD_O> is incomplete. The signal
   does not drive any load pins in the design.
WARNING:PhysDesignRules:367 - The signal
   <hdmi_in_reader/hdmi_in/hdmi_in_fifo/U0/xst_fifo_generator/gconvfifo.rf/grf.r
   f/gntv_or_sync_fifo.mem/gdm.dm/Mram_RAM147_RAMD_O> is incomplete. The signal
   does not drive any load pins in the design.
WARNING:PhysDesignRules:367 - The signal
   <hdmi_in_reader/hdmi_in/hdmi_in_fifo/U0/xst_fifo_generator/gconvfifo.rf/grf.r
   f/gntv_or_sync_fifo.mem/gdm.dm/Mram_RAM156_RAMD_O> is incomplete. The signal
   does not drive any load pins in the design.
WARNING:PhysDesignRules:367 - The signal
   <hdmi_in_reader/hdmi_in/hdmi_in_fifo/U0/xst_fifo_generator/gconvfifo.rf/grf.r
   f/gntv_or_sync_fifo.mem/gdm.dm/Mram_RAM149_RAMD_O> is incomplete. The signal
   does not drive any load pins in the design.
WARNING:PhysDesignRules:367 - The signal
   <hdmi_in_reader/hdmi_in/hdmi_in_fifo/U0/xst_fifo_generator/gconvfifo.rf/grf.r
   f/gntv_or_sync_fifo.mem/gdm.dm/Mram_RAM262_RAMD_O> is incomplete. The signal
   does not drive any load pins in the design.
WARNING:PhysDesignRules:367 - The signal
   <hdmi_in_reader/hdmi_in/hdmi_in_fifo/U0/xst_fifo_generator/gconvfifo.rf/grf.r
   f/gntv_or_sync_fifo.mem/gdm.dm/Mram_RAM263_RAMD_O> is incomplete. The signal
   does not drive any load pins in the design.
WARNING:PhysDesignRules:367 - The signal
   <hdmi_in_reader/hdmi_in/hdmi_in_fifo/U0/xst_fifo_generator/gconvfifo.rf/grf.r
   f/gntv_or_sync_fifo.mem/gdm.dm/Mram_RAM382_RAMD_O> is incomplete. The signal
   does not drive any load pins in the design.
WARNING:PhysDesignRules:367 - The signal
   <hdmi_in_reader/hdmi_in/hdmi_in_fifo/U0/xst_fifo_generator/gconvfifo.rf/grf.r
   f/gntv_or_sync_fifo.mem/gdm.dm/Mram_RAM369_RAMD_O> is incomplete. The signal
   does not drive any load pins in the design.
WARNING:PhysDesignRules:367 - The signal
   <hdmi_in_reader/hdmi_in/hdmi_in_fifo/U0/xst_fifo_generator/gconvfifo.rf/grf.r
   f/gntv_or_sync_fifo.mem/gdm.dm/Mram_RAM376_RAMD_O> is incomplete. The signal
   does not drive any load pins in the design.
WARNING:PhysDesignRules:367 - The signal
   <hdmi_in_reader/hdmi_in/hdmi_in_fifo/U0/xst_fifo_generator/gconvfifo.rf/grf.r
   f/gntv_or_sync_fifo.mem/gdm.dm/Mram_RAM377_RAMD_O> is incomplete. The signal
   does not drive any load pins in the design.
WARNING:PhysDesignRules:367 - The signal
   <hdmi_in_reader/hdmi_in/hdmi_in_fifo/U0/xst_fifo_generator/gconvfifo.rf/grf.r
   f/gntv_or_sync_fifo.mem/gdm.dm/Mram_RAM379_RAMD_O> is incomplete. The signal
   does not drive any load pins in the design.
WARNING:PhysDesignRules:367 - The signal
   <hdmi_in_reader/hdmi_in/hdmi_in_fifo/U0/xst_fifo_generator/gconvfifo.rf/grf.r
   f/gntv_or_sync_fifo.mem/gdm.dm/Mram_RAM245_RAMD_O> is incomplete. The signal
   does not drive any load pins in the design.
WARNING:PhysDesignRules:367 - The signal
   <hdmi_in_reader/hdmi_in/hdmi_in_fifo/U0/xst_fifo_generator/gconvfifo.rf/grf.r
   f/gntv_or_sync_fifo.mem/gdm.dm/Mram_RAM224_RAMD_O> is incomplete. The signal
   does not drive any load pins in the design.
WARNING:PhysDesignRules:367 - The signal
   <hdmi_in_reader/hdmi_in/hdmi_in_fifo/U0/xst_fifo_generator/gconvfifo.rf/grf.r
   f/gntv_or_sync_fifo.mem/gdm.dm/Mram_RAM219_RAMD_O> is incomplete. The signal
   does not drive any load pins in the design.
WARNING:PhysDesignRules:367 - The signal
   <hdmi_in_reader/hdmi_in/hdmi_in_fifo/U0/xst_fifo_generator/gconvfifo.rf/grf.r
   f/gntv_or_sync_fifo.mem/gdm.dm/Mram_RAM217_RAMD_O> is incomplete. The signal
   does not drive any load pins in the design.
WARNING:PhysDesignRules:367 - The signal
   <hdmi_in_reader/hdmi_in/hdmi_in_fifo/U0/xst_fifo_generator/gconvfifo.rf/grf.r
   f/gntv_or_sync_fifo.mem/gdm.dm/Mram_RAM215_RAMD_O> is incomplete. The signal
   does not drive any load pins in the design.
WARNING:PhysDesignRules:367 - The signal
   <hdmi_in_reader/hdmi_in/hdmi_in_fifo/U0/xst_fifo_generator/gconvfifo.rf/grf.r
   f/gntv_or_sync_fifo.mem/gdm.dm/Mram_RAM155_RAMD_O> is incomplete. The signal
   does not drive any load pins in the design.
WARNING:PhysDesignRules:367 - The signal
   <hdmi_in_reader/hdmi_in/hdmi_in_fifo/U0/xst_fifo_generator/gconvfifo.rf/grf.r
   f/gntv_or_sync_fifo.mem/gdm.dm/Mram_RAM153_RAMD_O> is incomplete. The signal
   does not drive any load pins in the design.
WARNING:PhysDesignRules:367 - The signal
   <hdmi_in_reader/hdmi_in/hdmi_in_fifo/U0/xst_fifo_generator/gconvfifo.rf/grf.r
   f/gntv_or_sync_fifo.mem/gdm.dm/Mram_RAM264_RAMD_O> is incomplete. The signal
   does not drive any load pins in the design.
WARNING:PhysDesignRules:367 - The signal
   <hdmi_in_reader/hdmi_in/hdmi_in_fifo/U0/xst_fifo_generator/gconvfifo.rf/grf.r
   f/gntv_or_sync_fifo.mem/gdm.dm/Mram_RAM381_RAMD_O> is incomplete. The signal
   does not drive any load pins in the design.
WARNING:PhysDesignRules:367 - The signal
   <hdmi_in_reader/hdmi_in/hdmi_in_fifo/U0/xst_fifo_generator/gconvfifo.rf/grf.r
   f/gntv_or_sync_fifo.mem/gdm.dm/Mram_RAM383_RAMD_O> is incomplete. The signal
   does not drive any load pins in the design.
WARNING:PhysDesignRules:367 - The signal
   <hdmi_in_reader/hdmi_in/hdmi_in_fifo/U0/xst_fifo_generator/gconvfifo.rf/grf.r
   f/gntv_or_sync_fifo.mem/gdm.dm/Mram_RAM384_RAMD_O> is incomplete. The signal
   does not drive any load pins in the design.
WARNING:PhysDesignRules:367 - The signal
   <hdmi_in_reader/hdmi_in/hdmi_in_fifo/U0/xst_fifo_generator/gconvfifo.rf/grf.r
   f/gntv_or_sync_fifo.mem/gdm.dm/Mram_RAM380_RAMD_O> is incomplete. The signal
   does not drive any load pins in the design.
WARNING:PhysDesignRules:367 - The signal
   <hdmi_in_reader/hdmi_in/hdmi_in_fifo/U0/xst_fifo_generator/gconvfifo.rf/grf.r
   f/gntv_or_sync_fifo.mem/gdm.dm/Mram_RAM374_RAMD_O> is incomplete. The signal
   does not drive any load pins in the design.
WARNING:PhysDesignRules:367 - The signal
   <hdmi_in_reader/hdmi_in/hdmi_in_fifo/U0/xst_fifo_generator/gconvfifo.rf/grf.r
   f/gntv_or_sync_fifo.mem/gdm.dm/Mram_RAM375_RAMD_O> is incomplete. The signal
   does not drive any load pins in the design.
WARNING:PhysDesignRules:367 - The signal
   <hdmi_in_reader/hdmi_in/hdmi_in_fifo/U0/xst_fifo_generator/gconvfifo.rf/grf.r
   f/gntv_or_sync_fifo.mem/gdm.dm/Mram_RAM320_RAMD_O> is incomplete. The signal
   does not drive any load pins in the design.
WARNING:PhysDesignRules:367 - The signal
   <hdmi_in_reader/hdmi_in/hdmi_in_fifo/U0/xst_fifo_generator/gconvfifo.rf/grf.r
   f/gntv_or_sync_fifo.mem/gdm.dm/Mram_RAM309_RAMD_O> is incomplete. The signal
   does not drive any load pins in the design.
WARNING:PhysDesignRules:367 - The signal
   <hdmi_in_reader/hdmi_in/hdmi_in_fifo/U0/xst_fifo_generator/gconvfifo.rf/grf.r
   f/gntv_or_sync_fifo.mem/gdm.dm/Mram_RAM368_RAMD_O> is incomplete. The signal
   does not drive any load pins in the design.
WARNING:PhysDesignRules:367 - The signal
   <hdmi_in_reader/hdmi_in/hdmi_in_fifo/U0/xst_fifo_generator/gconvfifo.rf/grf.r
   f/gntv_or_sync_fifo.mem/gdm.dm/Mram_RAM366_RAMD_O> is incomplete. The signal
   does not drive any load pins in the design.
WARNING:PhysDesignRules:367 - The signal
   <hdmi_in_reader/hdmi_in/hdmi_in_fifo/U0/xst_fifo_generator/gconvfifo.rf/grf.r
   f/gntv_or_sync_fifo.mem/gdm.dm/Mram_RAM246_RAMD_O> is incomplete. The signal
   does not drive any load pins in the design.
WARNING:PhysDesignRules:367 - The signal
   <hdmi_in_reader/hdmi_in/hdmi_in_fifo/U0/xst_fifo_generator/gconvfifo.rf/grf.r
   f/gntv_or_sync_fifo.mem/gdm.dm/Mram_RAM195_RAMD_O> is incomplete. The signal
   does not drive any load pins in the design.
WARNING:PhysDesignRules:367 - The signal
   <hdmi_in_reader/hdmi_in/hdmi_in_fifo/U0/xst_fifo_generator/gconvfifo.rf/grf.r
   f/gntv_or_sync_fifo.mem/gdm.dm/Mram_RAM206_RAMD_O> is incomplete. The signal
   does not drive any load pins in the design.
WARNING:PhysDesignRules:367 - The signal
   <hdmi_in_reader/hdmi_in/hdmi_in_fifo/U0/xst_fifo_generator/gconvfifo.rf/grf.r
   f/gntv_or_sync_fifo.mem/gdm.dm/Mram_RAM209_RAMD_O> is incomplete. The signal
   does not drive any load pins in the design.
WARNING:PhysDesignRules:367 - The signal
   <hdmi_in_reader/hdmi_in/hdmi_in_fifo/U0/xst_fifo_generator/gconvfifo.rf/grf.r
   f/gntv_or_sync_fifo.mem/gdm.dm/Mram_RAM213_RAMD_O> is incomplete. The signal
   does not drive any load pins in the design.
WARNING:PhysDesignRules:367 - The signal
   <hdmi_in_reader/hdmi_in/hdmi_in_fifo/U0/xst_fifo_generator/gconvfifo.rf/grf.r
   f/gntv_or_sync_fifo.mem/gdm.dm/Mram_RAM223_RAMD_O> is incomplete. The signal
   does not drive any load pins in the design.
WARNING:PhysDesignRules:367 - The signal
   <hdmi_in_reader/hdmi_in/hdmi_in_fifo/U0/xst_fifo_generator/gconvfifo.rf/grf.r
   f/gntv_or_sync_fifo.mem/gdm.dm/Mram_RAM212_RAMD_O> is incomplete. The signal
   does not drive any load pins in the design.
WARNING:PhysDesignRules:367 - The signal
   <hdmi_in_reader/hdmi_in/hdmi_in_fifo/U0/xst_fifo_generator/gconvfifo.rf/grf.r
   f/gntv_or_sync_fifo.mem/gdm.dm/Mram_RAM218_RAMD_O> is incomplete. The signal
   does not drive any load pins in the design.
WARNING:PhysDesignRules:367 - The signal
   <hdmi_in_reader/hdmi_in/hdmi_in_fifo/U0/xst_fifo_generator/gconvfifo.rf/grf.r
   f/gntv_or_sync_fifo.mem/gdm.dm/Mram_RAM214_RAMD_O> is incomplete. The signal
   does not drive any load pins in the design.
WARNING:PhysDesignRules:367 - The signal
   <hdmi_in_reader/hdmi_in/hdmi_in_fifo/U0/xst_fifo_generator/gconvfifo.rf/grf.r
   f/gntv_or_sync_fifo.mem/gdm.dm/Mram_RAM370_RAMD_O> is incomplete. The signal
   does not drive any load pins in the design.
WARNING:PhysDesignRules:367 - The signal
   <hdmi_in_reader/hdmi_in/hdmi_in_fifo/U0/xst_fifo_generator/gconvfifo.rf/grf.r
   f/gntv_or_sync_fifo.mem/gdm.dm/Mram_RAM371_RAMD_O> is incomplete. The signal
   does not drive any load pins in the design.
WARNING:PhysDesignRules:367 - The signal
   <hdmi_in_reader/hdmi_in/hdmi_in_fifo/U0/xst_fifo_generator/gconvfifo.rf/grf.r
   f/gntv_or_sync_fifo.mem/gdm.dm/Mram_RAM372_RAMD_O> is incomplete. The signal
   does not drive any load pins in the design.
WARNING:PhysDesignRules:367 - The signal
   <hdmi_in_reader/hdmi_in/hdmi_in_fifo/U0/xst_fifo_generator/gconvfifo.rf/grf.r
   f/gntv_or_sync_fifo.mem/gdm.dm/Mram_RAM373_RAMD_O> is incomplete. The signal
   does not drive any load pins in the design.
WARNING:PhysDesignRules:367 - The signal
   <hdmi_in_reader/hdmi_in/hdmi_in_fifo/U0/xst_fifo_generator/gconvfifo.rf/grf.r
   f/gntv_or_sync_fifo.mem/gdm.dm/Mram_RAM378_RAMD_O> is incomplete. The signal
   does not drive any load pins in the design.
WARNING:PhysDesignRules:367 - The signal
   <hdmi_in_reader/hdmi_in/hdmi_in_fifo/U0/xst_fifo_generator/gconvfifo.rf/grf.r
   f/gntv_or_sync_fifo.mem/gdm.dm/Mram_RAM314_RAMD_O> is incomplete. The signal
   does not drive any load pins in the design.
WARNING:PhysDesignRules:367 - The signal
   <hdmi_in_reader/hdmi_in/hdmi_in_fifo/U0/xst_fifo_generator/gconvfifo.rf/grf.r
   f/gntv_or_sync_fifo.mem/gdm.dm/Mram_RAM317_RAMD_O> is incomplete. The signal
   does not drive any load pins in the design.
WARNING:PhysDesignRules:367 - The signal
   <hdmi_in_reader/hdmi_in/hdmi_in_fifo/U0/xst_fifo_generator/gconvfifo.rf/grf.r
   f/gntv_or_sync_fifo.mem/gdm.dm/Mram_RAM306_RAMD_O> is incomplete. The signal
   does not drive any load pins in the design.
WARNING:PhysDesignRules:367 - The signal
   <hdmi_in_reader/hdmi_in/hdmi_in_fifo/U0/xst_fifo_generator/gconvfifo.rf/grf.r
   f/gntv_or_sync_fifo.mem/gdm.dm/Mram_RAM305_RAMD_O> is incomplete. The signal
   does not drive any load pins in the design.
WARNING:PhysDesignRules:367 - The signal
   <hdmi_in_reader/hdmi_in/hdmi_in_fifo/U0/xst_fifo_generator/gconvfifo.rf/grf.r
   f/gntv_or_sync_fifo.mem/gdm.dm/Mram_RAM358_RAMD_O> is incomplete. The signal
   does not drive any load pins in the design.
WARNING:PhysDesignRules:367 - The signal
   <hdmi_in_reader/hdmi_in/hdmi_in_fifo/U0/xst_fifo_generator/gconvfifo.rf/grf.r
   f/gntv_or_sync_fifo.mem/gdm.dm/Mram_RAM353_RAMD_O> is incomplete. The signal
   does not drive any load pins in the design.
WARNING:PhysDesignRules:367 - The signal
   <hdmi_in_reader/hdmi_in/hdmi_in_fifo/U0/xst_fifo_generator/gconvfifo.rf/grf.r
   f/gntv_or_sync_fifo.mem/gdm.dm/Mram_RAM357_RAMD_O> is incomplete. The signal
   does not drive any load pins in the design.
WARNING:PhysDesignRules:367 - The signal
   <hdmi_in_reader/hdmi_in/hdmi_in_fifo/U0/xst_fifo_generator/gconvfifo.rf/grf.r
   f/gntv_or_sync_fifo.mem/gdm.dm/Mram_RAM352_RAMD_O> is incomplete. The signal
   does not drive any load pins in the design.
WARNING:PhysDesignRules:367 - The signal
   <hdmi_in_reader/hdmi_in/hdmi_in_fifo/U0/xst_fifo_generator/gconvfifo.rf/grf.r
   f/gntv_or_sync_fifo.mem/gdm.dm/Mram_RAM194_RAMD_O> is incomplete. The signal
   does not drive any load pins in the design.
WARNING:PhysDesignRules:367 - The signal
   <hdmi_in_reader/hdmi_in/hdmi_in_fifo/U0/xst_fifo_generator/gconvfifo.rf/grf.r
   f/gntv_or_sync_fifo.mem/gdm.dm/Mram_RAM199_RAMD_O> is incomplete. The signal
   does not drive any load pins in the design.
WARNING:PhysDesignRules:367 - The signal
   <hdmi_in_reader/hdmi_in/hdmi_in_fifo/U0/xst_fifo_generator/gconvfifo.rf/grf.r
   f/gntv_or_sync_fifo.mem/gdm.dm/Mram_RAM208_RAMD_O> is incomplete. The signal
   does not drive any load pins in the design.
WARNING:PhysDesignRules:367 - The signal
   <hdmi_in_reader/hdmi_in/hdmi_in_fifo/U0/xst_fifo_generator/gconvfifo.rf/grf.r
   f/gntv_or_sync_fifo.mem/gdm.dm/Mram_RAM193_RAMD_O> is incomplete. The signal
   does not drive any load pins in the design.
WARNING:PhysDesignRules:367 - The signal
   <hdmi_in_reader/hdmi_in/hdmi_in_fifo/U0/xst_fifo_generator/gconvfifo.rf/grf.r
   f/gntv_or_sync_fifo.mem/gdm.dm/Mram_RAM222_RAMD_O> is incomplete. The signal
   does not drive any load pins in the design.
WARNING:PhysDesignRules:367 - The signal
   <hdmi_in_reader/hdmi_in/hdmi_in_fifo/U0/xst_fifo_generator/gconvfifo.rf/grf.r
   f/gntv_or_sync_fifo.mem/gdm.dm/Mram_RAM220_RAMD_O> is incomplete. The signal
   does not drive any load pins in the design.
WARNING:PhysDesignRules:367 - The signal
   <hdmi_in_reader/hdmi_in/hdmi_in_fifo/U0/xst_fifo_generator/gconvfifo.rf/grf.r
   f/gntv_or_sync_fifo.mem/gdm.dm/Mram_RAM211_RAMD_O> is incomplete. The signal
   does not drive any load pins in the design.
WARNING:PhysDesignRules:367 - The signal
   <hdmi_in_reader/hdmi_in/hdmi_in_fifo/U0/xst_fifo_generator/gconvfifo.rf/grf.r
   f/gntv_or_sync_fifo.mem/gdm.dm/Mram_RAM216_RAMD_O> is incomplete. The signal
   does not drive any load pins in the design.
WARNING:PhysDesignRules:367 - The signal
   <hdmi_in_reader/hdmi_in/hdmi_in_fifo/U0/xst_fifo_generator/gconvfifo.rf/grf.r
   f/gntv_or_sync_fifo.mem/gdm.dm/Mram_RAM221_RAMD_O> is incomplete. The signal
   does not drive any load pins in the design.
WARNING:PhysDesignRules:367 - The signal
   <hdmi_in_reader/hdmi_in/hdmi_in_fifo/U0/xst_fifo_generator/gconvfifo.rf/grf.r
   f/gntv_or_sync_fifo.mem/gdm.dm/Mram_RAM307_RAMD_O> is incomplete. The signal
   does not drive any load pins in the design.
WARNING:PhysDesignRules:367 - The signal
   <hdmi_in_reader/hdmi_in/hdmi_in_fifo/U0/xst_fifo_generator/gconvfifo.rf/grf.r
   f/gntv_or_sync_fifo.mem/gdm.dm/Mram_RAM311_RAMD_O> is incomplete. The signal
   does not drive any load pins in the design.
WARNING:PhysDesignRules:367 - The signal
   <hdmi_in_reader/hdmi_in/hdmi_in_fifo/U0/xst_fifo_generator/gconvfifo.rf/grf.r
   f/gntv_or_sync_fifo.mem/gdm.dm/Mram_RAM319_RAMD_O> is incomplete. The signal
   does not drive any load pins in the design.
WARNING:PhysDesignRules:367 - The signal
   <hdmi_in_reader/hdmi_in/hdmi_in_fifo/U0/xst_fifo_generator/gconvfifo.rf/grf.r
   f/gntv_or_sync_fifo.mem/gdm.dm/Mram_RAM316_RAMD_O> is incomplete. The signal
   does not drive any load pins in the design.
WARNING:PhysDesignRules:367 - The signal
   <hdmi_in_reader/hdmi_in/hdmi_in_fifo/U0/xst_fifo_generator/gconvfifo.rf/grf.r
   f/gntv_or_sync_fifo.mem/gdm.dm/Mram_RAM310_RAMD_O> is incomplete. The signal
   does not drive any load pins in the design.
WARNING:PhysDesignRules:367 - The signal
   <hdmi_in_reader/hdmi_in/hdmi_in_fifo/U0/xst_fifo_generator/gconvfifo.rf/grf.r
   f/gntv_or_sync_fifo.mem/gdm.dm/Mram_RAM308_RAMD_O> is incomplete. The signal
   does not drive any load pins in the design.
WARNING:PhysDesignRules:367 - The signal
   <hdmi_in_reader/hdmi_in/hdmi_in_fifo/U0/xst_fifo_generator/gconvfifo.rf/grf.r
   f/gntv_or_sync_fifo.mem/gdm.dm/Mram_RAM361_RAMD_O> is incomplete. The signal
   does not drive any load pins in the design.
WARNING:PhysDesignRules:367 - The signal
   <hdmi_in_reader/hdmi_in/hdmi_in_fifo/U0/xst_fifo_generator/gconvfifo.rf/grf.r
   f/gntv_or_sync_fifo.mem/gdm.dm/Mram_RAM359_RAMD_O> is incomplete. The signal
   does not drive any load pins in the design.
WARNING:PhysDesignRules:367 - The signal
   <hdmi_in_reader/hdmi_in/hdmi_in_fifo/U0/xst_fifo_generator/gconvfifo.rf/grf.r
   f/gntv_or_sync_fifo.mem/gdm.dm/Mram_RAM355_RAMD_O> is incomplete. The signal
   does not drive any load pins in the design.
WARNING:PhysDesignRules:367 - The signal
   <hdmi_in_reader/hdmi_in/hdmi_in_fifo/U0/xst_fifo_generator/gconvfifo.rf/grf.r
   f/gntv_or_sync_fifo.mem/gdm.dm/Mram_RAM356_RAMD_O> is incomplete. The signal
   does not drive any load pins in the design.
WARNING:PhysDesignRules:367 - The signal
   <hdmi_in_reader/hdmi_in/hdmi_in_fifo/U0/xst_fifo_generator/gconvfifo.rf/grf.r
   f/gntv_or_sync_fifo.mem/gdm.dm/Mram_RAM354_RAMD_O> is incomplete. The signal
   does not drive any load pins in the design.
WARNING:PhysDesignRules:367 - The signal
   <hdmi_in_reader/hdmi_in/hdmi_in_fifo/U0/xst_fifo_generator/gconvfifo.rf/grf.r
   f/gntv_or_sync_fifo.mem/gdm.dm/Mram_RAM351_RAMD_O> is incomplete. The signal
   does not drive any load pins in the design.
WARNING:PhysDesignRules:367 - The signal
   <hdmi_in_reader/hdmi_in/hdmi_in_fifo/U0/xst_fifo_generator/gconvfifo.rf/grf.r
   f/gntv_or_sync_fifo.mem/gdm.dm/Mram_RAM342_RAMD_O> is incomplete. The signal
   does not drive any load pins in the design.
WARNING:PhysDesignRules:367 - The signal
   <hdmi_in_reader/hdmi_in/hdmi_in_fifo/U0/xst_fifo_generator/gconvfifo.rf/grf.r
   f/gntv_or_sync_fifo.mem/gdm.dm/Mram_RAM198_RAMD_O> is incomplete. The signal
   does not drive any load pins in the design.
WARNING:PhysDesignRules:367 - The signal
   <hdmi_in_reader/hdmi_in/hdmi_in_fifo/U0/xst_fifo_generator/gconvfifo.rf/grf.r
   f/gntv_or_sync_fifo.mem/gdm.dm/Mram_RAM197_RAMD_O> is incomplete. The signal
   does not drive any load pins in the design.
WARNING:PhysDesignRules:367 - The signal
   <hdmi_in_reader/hdmi_in/hdmi_in_fifo/U0/xst_fifo_generator/gconvfifo.rf/grf.r
   f/gntv_or_sync_fifo.mem/gdm.dm/Mram_RAM202_RAMD_O> is incomplete. The signal
   does not drive any load pins in the design.
WARNING:PhysDesignRules:367 - The signal
   <hdmi_in_reader/hdmi_in/hdmi_in_fifo/U0/xst_fifo_generator/gconvfifo.rf/grf.r
   f/gntv_or_sync_fifo.mem/gdm.dm/Mram_RAM201_RAMD_O> is incomplete. The signal
   does not drive any load pins in the design.
WARNING:PhysDesignRules:367 - The signal
   <hdmi_in_reader/hdmi_in/hdmi_in_fifo/U0/xst_fifo_generator/gconvfifo.rf/grf.r
   f/gntv_or_sync_fifo.mem/gdm.dm/Mram_RAM203_RAMD_O> is incomplete. The signal
   does not drive any load pins in the design.
WARNING:PhysDesignRules:367 - The signal
   <hdmi_in_reader/hdmi_in/hdmi_in_fifo/U0/xst_fifo_generator/gconvfifo.rf/grf.r
   f/gntv_or_sync_fifo.mem/gdm.dm/Mram_RAM210_RAMD_O> is incomplete. The signal
   does not drive any load pins in the design.
WARNING:PhysDesignRules:367 - The signal
   <hdmi_in_reader/hdmi_in/hdmi_in_fifo/U0/xst_fifo_generator/gconvfifo.rf/grf.r
   f/gntv_or_sync_fifo.mem/gdm.dm/Mram_RAM313_RAMD_O> is incomplete. The signal
   does not drive any load pins in the design.
WARNING:PhysDesignRules:367 - The signal
   <hdmi_in_reader/hdmi_in/hdmi_in_fifo/U0/xst_fifo_generator/gconvfifo.rf/grf.r
   f/gntv_or_sync_fifo.mem/gdm.dm/Mram_RAM312_RAMD_O> is incomplete. The signal
   does not drive any load pins in the design.
WARNING:PhysDesignRules:367 - The signal
   <hdmi_in_reader/hdmi_in/hdmi_in_fifo/U0/xst_fifo_generator/gconvfifo.rf/grf.r
   f/gntv_or_sync_fifo.mem/gdm.dm/Mram_RAM318_RAMD_O> is incomplete. The signal
   does not drive any load pins in the design.
WARNING:PhysDesignRules:367 - The signal
   <hdmi_in_reader/hdmi_in/hdmi_in_fifo/U0/xst_fifo_generator/gconvfifo.rf/grf.r
   f/gntv_or_sync_fifo.mem/gdm.dm/Mram_RAM363_RAMD_O> is incomplete. The signal
   does not drive any load pins in the design.
WARNING:PhysDesignRules:367 - The signal
   <hdmi_in_reader/hdmi_in/hdmi_in_fifo/U0/xst_fifo_generator/gconvfifo.rf/grf.r
   f/gntv_or_sync_fifo.mem/gdm.dm/Mram_RAM367_RAMD_O> is incomplete. The signal
   does not drive any load pins in the design.
WARNING:PhysDesignRules:367 - The signal
   <hdmi_in_reader/hdmi_in/hdmi_in_fifo/U0/xst_fifo_generator/gconvfifo.rf/grf.r
   f/gntv_or_sync_fifo.mem/gdm.dm/Mram_RAM362_RAMD_O> is incomplete. The signal
   does not drive any load pins in the design.
WARNING:PhysDesignRules:367 - The signal
   <hdmi_in_reader/hdmi_in/hdmi_in_fifo/U0/xst_fifo_generator/gconvfifo.rf/grf.r
   f/gntv_or_sync_fifo.mem/gdm.dm/Mram_RAM360_RAMD_O> is incomplete. The signal
   does not drive any load pins in the design.
WARNING:PhysDesignRules:367 - The signal
   <hdmi_in_reader/hdmi_in/hdmi_in_fifo/U0/xst_fifo_generator/gconvfifo.rf/grf.r
   f/gntv_or_sync_fifo.mem/gdm.dm/Mram_RAM339_RAMD_O> is incomplete. The signal
   does not drive any load pins in the design.
WARNING:PhysDesignRules:367 - The signal
   <hdmi_in_reader/hdmi_in/hdmi_in_fifo/U0/xst_fifo_generator/gconvfifo.rf/grf.r
   f/gntv_or_sync_fifo.mem/gdm.dm/Mram_RAM346_RAMD_O> is incomplete. The signal
   does not drive any load pins in the design.
WARNING:PhysDesignRules:367 - The signal
   <hdmi_in_reader/hdmi_in/hdmi_in_fifo/U0/xst_fifo_generator/gconvfifo.rf/grf.r
   f/gntv_or_sync_fifo.mem/gdm.dm/Mram_RAM344_RAMD_O> is incomplete. The signal
   does not drive any load pins in the design.
WARNING:PhysDesignRules:367 - The signal
   <hdmi_in_reader/hdmi_in/hdmi_in_fifo/U0/xst_fifo_generator/gconvfifo.rf/grf.r
   f/gntv_or_sync_fifo.mem/gdm.dm/Mram_RAM343_RAMD_O> is incomplete. The signal
   does not drive any load pins in the design.
WARNING:PhysDesignRules:367 - The signal
   <hdmi_in_reader/hdmi_in/hdmi_in_fifo/U0/xst_fifo_generator/gconvfifo.rf/grf.r
   f/gntv_or_sync_fifo.mem/gdm.dm/Mram_RAM205_RAMD_O> is incomplete. The signal
   does not drive any load pins in the design.
WARNING:PhysDesignRules:367 - The signal
   <hdmi_in_reader/hdmi_in/hdmi_in_fifo/U0/xst_fifo_generator/gconvfifo.rf/grf.r
   f/gntv_or_sync_fifo.mem/gdm.dm/Mram_RAM204_RAMD_O> is incomplete. The signal
   does not drive any load pins in the design.
WARNING:PhysDesignRules:367 - The signal
   <hdmi_in_reader/hdmi_in/hdmi_in_fifo/U0/xst_fifo_generator/gconvfifo.rf/grf.r
   f/gntv_or_sync_fifo.mem/gdm.dm/Mram_RAM207_RAMD_O> is incomplete. The signal
   does not drive any load pins in the design.
WARNING:PhysDesignRules:367 - The signal
   <hdmi_in_reader/hdmi_in/hdmi_in_fifo/U0/xst_fifo_generator/gconvfifo.rf/grf.r
   f/gntv_or_sync_fifo.mem/gdm.dm/Mram_RAM196_RAMD_O> is incomplete. The signal
   does not drive any load pins in the design.
WARNING:PhysDesignRules:367 - The signal
   <hdmi_in_reader/hdmi_in/hdmi_in_fifo/U0/xst_fifo_generator/gconvfifo.rf/grf.r
   f/gntv_or_sync_fifo.mem/gdm.dm/Mram_RAM315_RAMD_O> is incomplete. The signal
   does not drive any load pins in the design.
WARNING:PhysDesignRules:367 - The signal
   <hdmi_in_reader/hdmi_in/hdmi_in_fifo/U0/xst_fifo_generator/gconvfifo.rf/grf.r
   f/gntv_or_sync_fifo.mem/gdm.dm/Mram_RAM364_RAMD_O> is incomplete. The signal
   does not drive any load pins in the design.
WARNING:PhysDesignRules:367 - The signal
   <hdmi_in_reader/hdmi_in/hdmi_in_fifo/U0/xst_fifo_generator/gconvfifo.rf/grf.r
   f/gntv_or_sync_fifo.mem/gdm.dm/Mram_RAM365_RAMD_O> is incomplete. The signal
   does not drive any load pins in the design.
WARNING:PhysDesignRules:367 - The signal
   <hdmi_in_reader/hdmi_in/hdmi_in_fifo/U0/xst_fifo_generator/gconvfifo.rf/grf.r
   f/gntv_or_sync_fifo.mem/gdm.dm/Mram_RAM338_RAMD_O> is incomplete. The signal
   does not drive any load pins in the design.
WARNING:PhysDesignRules:367 - The signal
   <hdmi_in_reader/hdmi_in/hdmi_in_fifo/U0/xst_fifo_generator/gconvfifo.rf/grf.r
   f/gntv_or_sync_fifo.mem/gdm.dm/Mram_RAM337_RAMD_O> is incomplete. The signal
   does not drive any load pins in the design.
WARNING:PhysDesignRules:367 - The signal
   <hdmi_in_reader/hdmi_in/hdmi_in_fifo/U0/xst_fifo_generator/gconvfifo.rf/grf.r
   f/gntv_or_sync_fifo.mem/gdm.dm/Mram_RAM340_RAMD_O> is incomplete. The signal
   does not drive any load pins in the design.
WARNING:PhysDesignRules:367 - The signal
   <hdmi_in_reader/hdmi_in/hdmi_in_fifo/U0/xst_fifo_generator/gconvfifo.rf/grf.r
   f/gntv_or_sync_fifo.mem/gdm.dm/Mram_RAM350_RAMD_O> is incomplete. The signal
   does not drive any load pins in the design.
WARNING:PhysDesignRules:367 - The signal
   <hdmi_in_reader/hdmi_in/hdmi_in_fifo/U0/xst_fifo_generator/gconvfifo.rf/grf.r
   f/gntv_or_sync_fifo.mem/gdm.dm/Mram_RAM348_RAMD_O> is incomplete. The signal
   does not drive any load pins in the design.
WARNING:PhysDesignRules:367 - The signal
   <hdmi_in_reader/hdmi_in/hdmi_in_fifo/U0/xst_fifo_generator/gconvfifo.rf/grf.r
   f/gntv_or_sync_fifo.mem/gdm.dm/Mram_RAM200_RAMD_O> is incomplete. The signal
   does not drive any load pins in the design.
WARNING:PhysDesignRules:367 - The signal
   <hdmi_in_reader/hdmi_in/hdmi_in_fifo/U0/xst_fifo_generator/gconvfifo.rf/grf.r
   f/gntv_or_sync_fifo.mem/gdm.dm/Mram_RAM345_RAMD_O> is incomplete. The signal
   does not drive any load pins in the design.
WARNING:PhysDesignRules:367 - The signal
   <hdmi_in_reader/hdmi_in/hdmi_in_fifo/U0/xst_fifo_generator/gconvfifo.rf/grf.r
   f/gntv_or_sync_fifo.mem/gdm.dm/Mram_RAM347_RAMD_O> is incomplete. The signal
   does not drive any load pins in the design.
WARNING:PhysDesignRules:367 - The signal
   <hdmi_in_reader/hdmi_in/hdmi_in_fifo/U0/xst_fifo_generator/gconvfifo.rf/grf.r
   f/gntv_or_sync_fifo.mem/gdm.dm/Mram_RAM349_RAMD_O> is incomplete. The signal
   does not drive any load pins in the design.
WARNING:PhysDesignRules:367 - The signal
   <hdmi_in_reader/hdmi_in/hdmi_in_fifo/U0/xst_fifo_generator/gconvfifo.rf/grf.r
   f/gntv_or_sync_fifo.mem/gdm.dm/Mram_RAM341_RAMD_O> is incomplete. The signal
   does not drive any load pins in the design.
WARNING:PhysDesignRules:2410 - This design is using one or more 9K Block RAMs
   (RAMB8BWER).  9K Block RAM initialization data, both user defined and
   default, may be incorrect and should not be used.  For more information,
   please reference Xilinx Answer Record 39999.

Design Summary
--------------

Design Summary:
Number of errors:      0
Number of warnings:  257
Slice Logic Utilization:
  Number of Slice Registers:                 1,277 out of  54,576    2%
    Number used as Flip Flops:               1,256
    Number used as Latches:                      0
    Number used as Latch-thrus:                  0
    Number used as AND/OR logics:               21
  Number of Slice LUTs:                      2,577 out of  27,288    9%
    Number used as logic:                    1,485 out of  27,288    5%
      Number using O6 output only:             951
      Number using O5 output only:             149
      Number using O5 and O6:                  385
      Number used as ROM:                        0
    Number used as Memory:                   1,040 out of   6,408   16%
      Number used as Dual Port RAM:          1,024
        Number using O6 output only:         1,024
        Number using O5 output only:             0
        Number using O5 and O6:                  0
      Number used as Single Port RAM:            0
      Number used as Shift Register:            16
        Number using O6 output only:             4
        Number using O5 output only:             0
        Number using O5 and O6:                 12
    Number used exclusively as route-thrus:     52
      Number with same-slice register load:     42
      Number with same-slice carry load:        10
      Number with other load:                    0

Slice Logic Distribution:
  Number of occupied Slices:                   940 out of   6,822   13%
  Number of MUXCYs used:                       540 out of  13,644    3%
  Number of LUT Flip Flop pairs used:        2,955
    Number with an unused Flip Flop:         1,832 out of   2,955   61%
    Number with an unused LUT:                 378 out of   2,955   12%
    Number of fully used LUT-FF pairs:         745 out of   2,955   25%
    Number of unique control sets:             117
    Number of slice register sites lost
      to control set restrictions:             476 out of  54,576    1%

  A LUT Flip Flop pair for this architecture represents one LUT paired with
  one Flip Flop within a slice.  A control set is a unique combination of
  clock, reset, set, and enable signals for a registered element.
  The Slice Logic Distribution report is not meaningful if the design is
  over-mapped for a non-slice resource or if Placement fails.

IO Utilization:
  Number of bonded IOBs:                        66 out of     316   20%
    Number of LOCed IOBs:                       66 out of      66  100%
    IOB Flip Flops:                              2

Specific Feature Utilization:
  Number of RAMB16BWERs:                         9 out of     116    7%
  Number of RAMB8BWERs:                          1 out of     232    1%
  Number of BUFIO2/BUFIO2_2CLKs:                 1 out of      32    3%
    Number used as BUFIO2s:                      1
    Number used as BUFIO2_2CLKs:                 0
  Number of BUFIO2FB/BUFIO2FB_2CLKs:             1 out of      32    3%
    Number used as BUFIO2FBs:                    1
    Number used as BUFIO2FB_2CLKs:               0
  Number of BUFG/BUFGMUXs:                       3 out of      16   18%
    Number used as BUFGs:                        3
    Number used as BUFGMUX:                      0
  Number of DCM/DCM_CLKGENs:                     1 out of       8   12%
    Number used as DCMs:                         1
    Number used as DCM_CLKGENs:                  0
  Number of ILOGIC2/ISERDES2s:                   0 out of     376    0%
  Number of IODELAY2/IODRP2/IODRP2_MCBs:         0 out of     376    0%
  Number of OLOGIC2/OSERDES2s:                   2 out of     376    1%
    Number used as OLOGIC2s:                     2
    Number used as OSERDES2s:                    0
  Number of BSCANs:                              0 out of       4    0%
  Number of BUFHs:                               0 out of     256    0%
  Number of BUFPLLs:                             0 out of       8    0%
  Number of BUFPLL_MCBs:                         0 out of       4    0%
  Number of DSP48A1s:                            0 out of      58    0%
  Number of ICAPs:                               0 out of       1    0%
  Number of MCBs:                                0 out of       2    0%
  Number of PCILOGICSEs:                         0 out of       2    0%
  Number of PLL_ADVs:                            0 out of       4    0%
  Number of PMVs:                                0 out of       1    0%
  Number of STARTUPs:                            0 out of       1    0%
  Number of SUSPEND_SYNCs:                       0 out of       1    0%

Average Fanout of Non-Clock Nets:                4.68

Peak Memory Usage:  387 MB
Total REAL time to MAP completion:  1 mins 19 secs 
Total CPU time to MAP completion:   1 mins 18 secs 

Mapping completed.
See MAP report file "hdmi_verify_map.mrp" for details.
